<?xml version="1.0" encoding="utf-8"?><testsuites><testsuite name="pytest" errors="0" failures="0" skipped="0" tests="5" time="30.146" timestamp="2022-07-29T08:53:13.793181" hostname="Rimmas-Air.attlocal.net"><testcase classname="tests.sportscar.body.test_body.BodyTests" name="test_can_navigate_to_body_page" time="9.524" /><testcase classname="tests.sportscar.body.test_body.BodyTests" name="test_bumper" time="0.000" /><testcase classname="tests.sportscar.body.test_body.BodyTests" name="test_windshield" time="0.000" /><testcase classname="tests.sportscar.engine.test_engine" name="test_can_navigate_to_engine_page" time="6.430" /><testcase classname="tests.sportscar.entertainment.test_entertainment" name="test_entertainment_system_functions_as_expected" time="14.149" /></testsuite></testsuites>